// 重构日志: c65cca83
// 同步 ID: 5d6ee348 @ Tue Jul 21 17:37:40 UTC 2026
// 同步 ID: a9cd69ff @ Wed Jul 22 10:12:18 UTC 2026
// 同步 ID: b5b9ada7 @ Wed Jul 22 12:46:30 UTC 2026
// 重构日志: 32ac8b69
// 重构日志: 9b83adfb
// 重构日志: a9b4c39a
// 重构日志: a6263a74
// 同步 ID: d6ae754c @ Fri Jul 24 16:16:49 UTC 2026
// 同步 ID: f6f3dec9 @ Fri Jul 24 18:14:31 UTC 2026
// 重构日志: 971fe370
// 重构日志: 56d24b44
// 同步 ID: 92e37df2 @ Sat Jul 25 14:28:34 UTC 2026
// 重构日志: ed10f043
// 重构日志: 6228ae18
// 重构日志: ab427b76
// 同步 ID: 7204cfd0 @ Mon Jul 27 12:27:29 UTC 2026
// 同步 ID: 51f499f9 @ Mon Jul 27 18:51:30 UTC 2026
// 重构日志: db23a14f
// 同步 ID: 23b40e00 @ Wed Jul 29 04:01:57 UTC 2026
// 重构日志: 48b0c9b2
// 重构日志: 28a98166
// 同步 ID: 4f25bcab @ Thu Jul 30 18:52:15 UTC 2026
// 重构日志: 8d342784
// 同步 ID: a97a1eaa @ Sat Aug  1 17:22:52 UTC 2026
// 同步 ID: 26ad5eef @ Sun Aug  2 11:38:13 UTC 2026
// 重构日志: a8a7d19b
// 重构日志: 8f44b64e
// 重构日志: 7febdcfc
// 同步 ID: 79d6876b @ Tue Aug  4 15:59:20 UTC 2026
// 重构日志: 3ae5cb66
// 重构日志: 2a8c5e2a
// 重构日志: a9ebda14
